// Jest Snapshot v1, https://goo.gl/fbAQLP

exports[`Home Card Component renders correctly 1`] = `
<div
  className="w-full p-3 text-gray-700 shadow"
>
  <h3
    className="mb-3 font-bold text-center"
  >
    VN
  </h3>
  <div
    className="flex justify-between w-full mt-1"
  >
    <div
      className="text-blue-800"
    >
      New Confirmed
    </div>
    <div
      className="text-blue-800"
    >
      1
    </div>
  </div>
  <div
    className="flex justify-between w-full mt-1"
  >
    <div
      className="text-blue-800"
    >
      Total Confirmed
    </div>
    <div
      className="text-blue-800"
    >
      2
    </div>
  </div>
  <div
    className="flex justify-between w-full mt-1"
  >
    <div
      className="text-red-700"
    >
      New Deaths
    </div>
    <div
      className="text-red-700"
    >
      3
    </div>
  </div>
  <div
    className="flex justify-between w-full mt-1"
  >
    <div
      className="text-red-700"
    >
      TotalDeaths
    </div>
    <div
      className="text-red-700"
    >
      4
    </div>
  </div>
  <div
    className="flex justify-between w-full mt-1"
  >
    <div
      className="text-green-700"
    >
      New Recovered
    </div>
    <div
      className="text-green-700"
    >
      5
    </div>
  </div>
  <div
    className="flex justify-between w-full mt-1"
  >
    <div
      className="text-green-700"
    >
      Total Recovered
    </div>
    <div
      className="text-green-700"
    >
      6
    </div>
  </div>
</div>
`;
