// Jest Snapshot v1, https://goo.gl/fbAQLP

exports[`Card Component renders correctly 1`] = `
<div
  className="w-full p-3 text-gray-700 shadow"
>
  <h3
    className="mb-3 font-bold text-center"
  >
    Date
  </h3>
  <div
    className="flex justify-between w-full mt-1"
  >
    <div
      className="text-blue-800"
    >
      Confirmed
    </div>
    <div
      className="text-blue-800"
    >
      3
    </div>
  </div>
  <div
    className="flex justify-between w-full mt-1"
  >
    <div
      className="text-red-700"
    >
      Deaths
    </div>
    <div
      className="text-red-700"
    >
      4
    </div>
  </div>
  <div
    className="flex justify-between w-full mt-1"
  >
    <div
      className="text-green-700"
    >
      Recovered
    </div>
    <div
      className="text-green-700"
    >
      5
    </div>
  </div>
</div>
`;
